<output xmlns:sys="javascript:Sys" xmlns:dataview="javascript:Sys.UI.DataView" xmlns:content="javascript:ExoWeb.UI.Content" xmlns:template="javascript:ExoWeb.UI.Template" xmlns:toggle="javascript:ExoWeb.UI.Toggle" xmlns:behavior="javascript:ExoWeb.UI.Behavior" xmlns:html="javascript:ExoWeb.UI.Html" xmlns:togglegroup="javascript:ExoWeb.UI.ToggleGroup">
  <div class="sys-template" id="exo0">
    <div style="display:inline;" sys:attach="toggle" toggle:on="{binding Description}">
      <span>{binding Description}</span>
    </div>
  </div>
  <div data-sys-attach="dataview" data-dataview-data="{~ context.model.request, source=window }" data-sys-tmplidx="0" id="exo1" class="sys-ignore">
    <!--item:s1-->
    <div style="display:inline;" data-sys-attach="toggle" data-toggle-on="{binding Description}" class="toggle-on">
      <span data-sys-innerhtml="{binding Description}">Something doesn't work</span>
    </div>
    <!--/item-->
  </div>
  <script type="text/javascript">$exoweb({ domReady: function() { Sys.Application.linkElement(document.getElementById("exo1"), document.getElementById("exo0")); } });</script>
</output>